MySQL Shell 8.0.45

Copyright (c) 2016, 2026, Oracle and/or its affiliates.
Oracle is a registered trademark of Oracle Corporation and/or its affiliates.
Other names may be trademarks of their respective owners.

Type '\help' or '\?' for help; '\quit' to exit.
 MySQL  JS > \sql
Switching to SQL mode... Commands end with ;
 MySQL  SQL > \connect --mc root@localhost
Creating a Classic session to 'root@localhost'
Fetching global names for auto-completion... Press ^C to stop.
Your MySQL connection id is 9
Server version: 8.0.45 MySQL Community Server - GPL
No default schema selected; type \use <schema> to set one.
 MySQL  localhost:3306 ssl  SQL > use database taller1;
Incorrect number of arguments for use command, usage:
\use <schema_name>
 MySQL  localhost:3306 ssl  SQL > use taller1;
Default schema set to `taller1`.
Fetching global names, object names from `taller1` for auto-completion... Press ^C to stop.
 MySQL  localhost:3306 ssl  taller1  SQL > show tables;
Empty set (0.0104 sec)
 MySQL  localhost:3306 ssl  taller1  SQL > create table persona (
                                        -> idpersona int not null auto_increment key,
                                        -> nombre varchar(50),
                                        -> apellidos varchar(50),
                                        -> fecha_nacimiento date);
Query OK, 0 rows affected (0.0491 sec)
 MySQL  localhost:3306 ssl  taller1  SQL > desc persona;
+------------------+-------------+------+-----+---------+----------------+
| Field            | Type        | Null | Key | Default | Extra          |
+------------------+-------------+------+-----+---------+----------------+
| idpersona        | int         | NO   | PRI | NULL    | auto_increment |
| nombre           | varchar(50) | YES  |     | NULL    |                |
| apellidos        | varchar(50) | YES  |     | NULL    |                |
| fecha_nacimiento | date        | YES  |     | NULL    |                |
+------------------+-------------+------+-----+---------+----------------+
4 rows in set (0.0149 sec)
 MySQL  localhost:3306 ssl  taller1  SQL > show create persona;
ERROR: 1064 (42000): You have an error in your SQL syntax; check the manual that corresponds to your MySQL server version for the right syntax to use near 'persona' at line 1
 MySQL  localhost:3306 ssl  taller1  SQL > show create table persona;
+---------+-----------------------------------------------------------------------------------------------------------------------------------------------------------------------------------------------------------------------------------------------------------------------------------------+
| Table   | Create Table                                                                                                                                                                                                                                                                            |
+---------+-----------------------------------------------------------------------------------------------------------------------------------------------------------------------------------------------------------------------------------------------------------------------------------------+
| persona | CREATE TABLE `persona` (
  `idpersona` int NOT NULL AUTO_INCREMENT,
  `nombre` varchar(50) DEFAULT NULL,
  `apellidos` varchar(50) DEFAULT NULL,
  `fecha_nacimiento` date DEFAULT NULL,
  PRIMARY KEY (`idpersona`)
) ENGINE=InnoDB DEFAULT CHARSET=utf8mb4 COLLATE=utf8mb4_0900_ai_ci |
+---------+-----------------------------------------------------------------------------------------------------------------------------------------------------------------------------------------------------------------------------------------------------------------------------------------+
1 row in set (0.0099 sec)
 MySQL  localhost:3306 ssl  taller1  SQL > insert into persona(nombre, apellidos, fecha_nacimiento)
                                        -> value("Kazuya", "Mishima", 1990-10-25);
ERROR: 1292 (22007): Incorrect date value: '1955' for column 'fecha_nacimiento' at row 1
 MySQL  localhost:3306 ssl  taller1  SQL > insert into persona(nombre, apellidos, fecha_nacimiento)  value("Kazuya", "Mishima", "1990-10-25");
Query OK, 1 row affected (0.0109 sec)
 MySQL  localhost:3306 ssl  taller1  SQL > insert into persona(nombre, apellidos, fecha_nacimiento) values("Emiliano", "Cano", "1990-10-25"), ("Juan", "Polvon", "1991-10-26");
Query OK, 2 rows affected (0.0036 sec)

Records: 2  Duplicates: 0  Warnings: 0
 MySQL  localhost:3306 ssl  taller1  SQL > select * from persona;
+-----------+----------+-----------+------------------+
| idpersona | nombre   | apellidos | fecha_nacimiento |
+-----------+----------+-----------+------------------+
|         1 | Kazuya   | Mishima   | 1990-10-25       |
|         2 | Emiliano | Cano      | 1990-10-25       |
|         3 | Juan     | Polvon    | 1991-10-26       |
+-----------+----------+-----------+------------------+
3 rows in set (0.0009 sec)
 MySQL  localhost:3306 ssl  taller1  SQL > show create table persona;
+---------+----------------------------------------------------------------------------------------------------------------------------------------------------------------------------------------------------------------------------------------------------------------------------------------------------------+
| Table   | Create Table                                                                                                                                                                                                                                                                                             |
+---------+----------------------------------------------------------------------------------------------------------------------------------------------------------------------------------------------------------------------------------------------------------------------------------------------------------+
| persona | CREATE TABLE `persona` (
  `idpersona` int NOT NULL AUTO_INCREMENT,
  `nombre` varchar(50) DEFAULT NULL,
  `apellidos` varchar(50) DEFAULT NULL,
  `fecha_nacimiento` date DEFAULT NULL,
  PRIMARY KEY (`idpersona`)
) ENGINE=InnoDB AUTO_INCREMENT=4 DEFAULT CHARSET=utf8mb4 COLLATE=utf8mb4_0900_ai_ci |
+---------+----------------------------------------------------------------------------------------------------------------------------------------------------------------------------------------------------------------------------------------------------------------------------------------------------------+
1 row in set (0.0014 sec)
 MySQL  localhost:3306 ssl  taller1  SQL > select * from persona;
+-----------+----------+-----------+------------------+
| idpersona | nombre   | apellidos | fecha_nacimiento |
+-----------+----------+-----------+------------------+
|         1 | Kazuya   | Mishima   | 1990-10-25       |
|         2 | Emiliano | Cano      | 1990-10-25       |
|         3 | Juan     | Polvon    | 1991-10-26       |
+-----------+----------+-----------+------------------+
3 rows in set (0.0009 sec)
 MySQL  localhost:3306 ssl  taller1  SQL > insert into persona(nombre) values("Ana"), ("Alicia"), ("Rubius");
Query OK, 3 rows affected (0.0099 sec)

Records: 3  Duplicates: 0  Warnings: 0
 MySQL  localhost:3306 ssl  taller1  SQL > select * from persona;
+-----------+----------+-----------+------------------+
| idpersona | nombre   | apellidos | fecha_nacimiento |
+-----------+----------+-----------+------------------+
|         1 | Kazuya   | Mishima   | 1990-10-25       |
|         2 | Emiliano | Cano      | 1990-10-25       |
|         3 | Juan     | Polvon    | 1991-10-26       |
|         4 | Ana      | NULL      | NULL             |
|         5 | Alicia   | NULL      | NULL             |
|         6 | Rubius   | NULL      | NULL             |
+-----------+----------+-----------+------------------+
6 rows in set (0.0011 sec)
 MySQL  localhost:3306 ssl  taller1  SQL > create table persona (
                                        -> roll_no int not null, name varchar(50), subject varchar(50));
ERROR: 1050 (42S01): Table 'persona' already exists
 MySQL  localhost:3306 ssl  taller1  SQL > create table curso1 ( roll_no int not null, name varchar(50), subject varchar(50));
Query OK, 0 rows affected (0.0245 sec)
 MySQL  localhost:3306 ssl  taller1  SQL > insert into curso1(roll_no, name, subject) values()
                                        -> ;
ERROR: 1136 (21S01): Column count doesn't match value count at row 1
 MySQL  localhost:3306 ssl  taller1  SQL > insert into curso1(roll_no, name, subject) values(
                                        -> 100, "Faiz", JAVA),
                                        -> (101, "Rama", "C++"),
                                        -> (101, "Rama", "JAVA"),
                                        -> (103, "Hitesh", "ANDROID"),
                                        -> (106, "Mahendra", "PHP");
ERROR: 1054 (42S22): Unknown column 'JAVA' in 'field list'
 MySQL  localhost:3306 ssl  taller1  SQL > insert into curso1(roll_no, name, subject) values( 100, "Faiz", "JAVA"), (101, "Rama", "C++"), (101, "Rama", "JAVA"), (103, "Hitesh", "ANDROID"), (106, "Mahendra", "PHP");
Query OK, 5 rows affected (0.0083 sec)

Records: 5  Duplicates: 0  Warnings: 0
 MySQL  localhost:3306 ssl  taller1  SQL > show table curso1;
ERROR: 1064 (42000): You have an error in your SQL syntax; check the manual that corresponds to your MySQL server version for the right syntax to use near 'curso1' at line 1
 MySQL  localhost:3306 ssl  taller1  SQL > select * from curso1;
+---------+----------+---------+
| roll_no | name     | subject |
+---------+----------+---------+
|     100 | Faiz     | JAVA    |
|     101 | Rama     | C++     |
|     101 | Rama     | JAVA    |
|     103 | Hitesh   | ANDROID |
|     106 | Mahendra | PHP     |
+---------+----------+---------+
5 rows in set (0.0009 sec)
 MySQL  localhost:3306 ssl  taller1  SQL > insert into curso1() values(102, "Sultan", "C"), (102, "Sultan", "C++");
Query OK, 2 rows affected (0.0088 sec)

Records: 2  Duplicates: 0  Warnings: 0
 MySQL  localhost:3306 ssl  taller1  SQL > select * from curso1;
+---------+----------+---------+
| roll_no | name     | subject |
+---------+----------+---------+
|     100 | Faiz     | JAVA    |
|     101 | Rama     | C++     |
|     101 | Rama     | JAVA    |
|     103 | Hitesh   | ANDROID |
|     106 | Mahendra | PHP     |
|     102 | Sultan   | C       |
|     102 | Sultan   | C++     |
+---------+----------+---------+
7 rows in set (0.0009 sec)
 MySQL  localhost:3306 ssl  taller1  SQL >