MySQL Shell 8.0.45

Copyright (c) 2016, 2026, Oracle and/or its affiliates.
Oracle is a registered trademark of Oracle Corporation and/or its affiliates.
Other names may be trademarks of their respective owners.

Type '\help' or '\?' for help; '\quit' to exit.
 MySQL  JS > \sql
Switching to SQL mode... Commands end with ;
 MySQL  SQL > \connect --mc root@localhost;
Creating a Classic session to 'root@localhost;'
Please provide the password for 'root@localhost;': *******************
MySQL Error 2005 (HY000): Unknown MySQL server host 'localhost;' (11001)
 MySQL  SQL > \connect --mc root@localhost
Creating a Classic session to 'root@localhost'
Fetching global names for auto-completion... Press ^C to stop.
Your MySQL connection id is 8
Server version: 8.0.45 MySQL Community Server - GPL
No default schema selected; type \use <schema> to set one.
 MySQL  localhost:3306 ssl  SQL > show databases;
+--------------------+
| Database           |
+--------------------+
| information_schema |
| mysql              |
| performance_schema |
| sakila             |
| sys                |
| world              |
+--------------------+
6 rows in set (0.0050 sec)
 MySQL  localhost:3306 ssl  SQL > create database taller1;
Query OK, 1 row affected (0.0176 sec)
 MySQL  localhost:3306 ssl  SQL > use taller1;
Default schema set to `taller1`.
Fetching global names, object names from `taller1` for auto-completion... Press ^C to stop.
 MySQL  localhost:3306 ssl  taller1  SQL > show tables;
Empty set (0.0166 sec)
 MySQL  localhost:3306 ssl  taller1  SQL > create table persona()
                                        ->
                                        -> ;
ERROR: 1064 (42000): You have an error in your SQL syntax; check the manual that corresponds to your MySQL server version for the right syntax to use near ')' at line 1
 MySQL  localhost:3306 ssl  taller1  SQL > create table persona(
                                        -> idpersona int auto_increment key,
                                        -> nombre varchar(50),
                                        -> apellido varchar(50),
                                        -> fecha_nac date);
Query OK, 0 rows affected (0.0455 sec)
 MySQL  localhost:3306 ssl  taller1  SQL > show tables
                                        -> ;
+-------------------+
| Tables_in_taller1 |
+-------------------+
| persona           |
+-------------------+
1 row in set (0.0094 sec)
 MySQL  localhost:3306 ssl  taller1  SQL > show create table persona;
+---------+---------------------------------------------------------------------------------------------------------------------------------------------------------------------------------------------------------------------------------------------------------------------------------+
| Table   | Create Table                                                                                                                                                                                                                                                                    |
+---------+---------------------------------------------------------------------------------------------------------------------------------------------------------------------------------------------------------------------------------------------------------------------------------+
| persona | CREATE TABLE `persona` (
  `idpersona` int NOT NULL AUTO_INCREMENT,
  `nombre` varchar(50) DEFAULT NULL,
  `apellido` varchar(50) DEFAULT NULL,
  `fecha_nac` date DEFAULT NULL,
  PRIMARY KEY (`idpersona`)
) ENGINE=InnoDB DEFAULT CHARSET=utf8mb4 COLLATE=utf8mb4_0900_ai_ci |
+---------+---------------------------------------------------------------------------------------------------------------------------------------------------------------------------------------------------------------------------------------------------------------------------------+
1 row in set (0.0136 sec)
 MySQL  localhost:3306 ssl  taller1  SQL > desc persona
                                        -> ;
+-----------+-------------+------+-----+---------+----------------+
| Field     | Type        | Null | Key | Default | Extra          |
+-----------+-------------+------+-----+---------+----------------+
| idpersona | int         | NO   | PRI | NULL    | auto_increment |
| nombre    | varchar(50) | YES  |     | NULL    |                |
| apellido  | varchar(50) | YES  |     | NULL    |                |
| fecha_nac | date        | YES  |     | NULL    |                |
+-----------+-------------+------+-----+---------+----------------+
4 rows in set (0.0140 sec)
 MySQL  localhost:3306 ssl  taller1  SQL > insert into persona (
                                        -> nombre, apellido, fecha_nac) value (
                                        -> "Kazuya", "Mishima", "2026-12-31");
Query OK, 1 row affected (0.0125 sec)
 MySQL  localhost:3306 ssl  taller1  SQL > insert into persona value("Steve", "Minecraft", "1990-5-20");
ERROR: 1136 (21S01): Column count doesn't match value count at row 1
 MySQL  localhost:3306 ssl  taller1  SQL > insert into persona value(9,"Steve", "Minecraft", "1990-5-20");
Query OK, 1 row affected (0.0090 sec)
 MySQL  localhost:3306 ssl  taller1  SQL > insert into persona (nombre, apellido) values (
                                        -> "Triste", "Tigre"),
                                        -> ("Mario", "Luigi"),
                                        -> ("Juan", "Nepomucemo");
Query OK, 3 rows affected (0.0099 sec)

Records: 3  Duplicates: 0  Warnings: 0
 MySQL  localhost:3306 ssl  taller1  SQL > select * from persona;
+-----------+--------+------------+------------+
| idpersona | nombre | apellido   | fecha_nac  |
+-----------+--------+------------+------------+
|         1 | Kazuya | Mishima    | 2026-12-31 |
|         9 | Steve  | Minecraft  | 1990-05-20 |
|        10 | Triste | Tigre      | NULL       |
|        11 | Mario  | Luigi      | NULL       |
|        12 | Juan   | Nepomucemo | NULL       |
+-----------+--------+------------+------------+
5 rows in set (0.0010 sec)
 MySQL  localhost:3306 ssl  taller1  SQL > drop table persona;
Query OK, 0 rows affected (0.0241 sec)
 MySQL  localhost:3306 ssl  taller1  SQL > show tables;
Empty set (0.0020 sec)
 MySQL  localhost:3306 ssl  taller1  SQL >